// Jest Snapshot v1, https://goo.gl/fbAQLP

exports[`PostListPagination component match snapshot 1`] = `
<div
  className="ui grid noMargin"
>
  
  
</div>
`;
