// Jest Snapshot v1, https://goo.gl/fbAQLP

exports[`App snapshot renders 1`] = `
Array [
  <div
    className="ui inverted tabular menu"
  >
    <a
      href="/"
      onClick={[Function]}
    >
      <div
        className="item"
        onClick={[Function]}
      >
        Feed
      </div>
    </a>
    
    <a
      href="/new"
      onClick={[Function]}
    >
      <div
        className="item"
        onClick={[Function]}
      >
        New
      </div>
    </a>
    
    <div
      className="right menu"
    >
      <div>
        <a
          className="item"
          onBlur={[Function]}
          onClick={[Function]}
          onFocus={[Function]}
          onMouseEnter={[Function]}
          onMouseLeave={[Function]}
        >
          Sign Up
        </a>
      </div>
      <a
        className="item"
        onBlur={[Function]}
        onClick={[Function]}
        onFocus={[Function]}
        onMouseEnter={[Function]}
        onMouseLeave={[Function]}
      >
        Log In
      </a>
    </div>
  </div>,
  <div
    className="ui grid noMargin"
  />,
]
`;
